{
  "exit_code": 1,
  "total": 1,
  "passed": 0,
  "failed": 1,
  "skipped": 0,
  "error": 0,
  "details": [
    {
      "scenario_id": "e2e订单到应收核销",
      "status": "failed",
      "duration_ms": 18422.833000000002,
      "steps": [
        {
          "step_id": "step-000",
          "status": "passed",
          "duration_ms": 1260.625,
          "error": null,
          "error_phase": null
        },
        {
          "step_id": "step-001",
          "status": "passed",
          "duration_ms": 2501.508,
          "error": null,
          "error_phase": null
        },
        {
          "step_id": "step-002",
          "status": "passed",
          "duration_ms": 1638.8419999999999,
          "error": null,
          "error_phase": null
        },
        {
          "step_id": "step-003",
          "status": "passed",
          "duration_ms": 2072.028,
          "error": null,
          "error_phase": null
        },
        {
          "step_id": "step-004",
          "status": "passed",
          "duration_ms": 1765.586,
          "error": null,
          "error_phase": null
        },
        {
          "step_id": "step-005",
          "status": "passed",
          "duration_ms": 2780.3070000000002,
          "error": null,
          "error_phase": null
        },
        {
          "step_id": "step-006",
          "status": "passed",
          "duration_ms": 2795.959,
          "error": null,
          "error_phase": null
        },
        {
          "step_id": "step-007",
          "status": "failed",
          "duration_ms": 2008.387,
          "error": null,
          "error_phase": null
        }
      ]
    }
  ]
}
