{
  "kind": "scenario",
  "scenarioId": "e2e订单到应收核销",
  "meta": {
    "name": "全链路-订单创建至应收核销-正常",
    "description": "scs_gen working copy — seeded with one steps[0] so build_scenario.py can read the api template. The user's scs.json itself is untouched (steps:[]); once they fill in their real first step, this seed is no longer needed.",
    "module": "settlement",
    "priority": 1,
    "author": "codfish",
    "owner": "codfish",
    "tags": [
      "smoke",
      "settlement"
    ],
    "version": "1.0.0",
    "createTime": "2026-06-23T10:00:00",
    "expire": false,
    "requirementRef": []
  },
  "config": {
    "setup": [],
    "teardown": [],
    "services": {
      "tidb-test-service": "https://fin-tidb.21eflag.com/"
    },
    "vars": {
      "bl_no": "OH202607070003"
    },
    "users": {
      "codfish": {
        "url": "https://fin-tidb.21eflag.com/",
        "username": "18180789652",
        "password": "yhd123456!",
        "expires_in": 7200,
        "token_type": "Cookie"
      }
    },
    "timePolicy": {
      "kind": "record"
    },
    "retry": null
  },
  "resource": {},
  "steps": [
    {
      "kind": "step",
      "enabled": false,
      "description": "ajaxGetList baseline (seed; inert — see SKILL.md scaffold-seeding-contract)",
      "api": {
        "kind": "api",
        "service": "tidb-test-service",
        "method": "GET",
        "path": "/newshopadmin-tidb/OrderSettlement/ajaxGetList.html",
        "headers": {
          "Cookie": "${auth.codfish.token}",
          "Content-Type": "application/x-www-form-urlencoded"
        },
        "timeout": 30
      },
      "request": {
        "kind": "request",
        "body": {
          "page": "1",
          "size": "15",
          "wd": "",
          "search_company": "",
          "work_no": "",
          "order_customer_real": "",
          "booking_agent_bp": "",
          "booking_agent_bp_real": "",
          "order_business_no": "",
          "order_terminated_shutout_status": "1",
          "bulk_query_type": "1",
          "bulk_shutout_status": "",
          "bulk_query": "0",
          "batch_exchange_query": ""
        }
      },
      "strategy": []
    },
    {
      "kind": "step",
      "description": "查询[模糊搜索(订单号/提单号/工作号等)]=YHRGIMBAL00061",
      "api": {
        "kind": "api",
        "service": "tidb-test-service",
        "method": "GET",
        "path": "/newshopadmin-tidb/OrderSettlement/ajaxGetList.html",
        "headers": {
          "Cookie": "${auth.codfish.token}",
          "Content-Type": "application/x-www-form-urlencoded"
        },
        "timeout": 30
      },
      "request": {
        "kind": "request",
        "body": {
          "page": "1",
          "size": "15",
          "wd": "YHRGIMBAL00061",
          "search_company": "",
          "work_no": "",
          "order_customer_real": "",
          "booking_agent_bp": "",
          "booking_agent_bp_real": "",
          "order_business_no": "",
          "order_terminated_shutout_status": "1",
          "bulk_query_type": "1",
          "bulk_shutout_status": "",
          "bulk_query": "0",
          "batch_exchange_query": "",
          "ship_company": "",
          "booking_mbl_delivery_mode": "",
          "service_types": "",
          "order_remarks": "",
          "sale": "",
          "client": "",
          "operator": "",
          "search_time[charge_pay_date]": "",
          "search_time[charge_rec_date]": ""
        }
      },
      "strategy": [
        {
          "kind": "assertion",
          "name": "assert_http_status_eq_200",
          "phase": "verifying",
          "order": 0,
          "enabled": true,
          "onFailure": "abort",
          "target": "$.response_status",
          "operator": "eq",
          "expected": 200,
          "message": "查询[模糊搜索(订单号/提单号/工作号等)]=YHRGIMBAL00061 应返回200",
          "soft": false
        },
        {
          "kind": "assertion",
          "name": "assert_count_shrinks",
          "phase": "verifying",
          "order": 1,
          "enabled": true,
          "onFailure": "abort",
          "target": "$.response_body.count",
          "operator": "lt",
          "expected": 540,
          "message": "①count_shrinks: 相等意味着过滤参数被后端忽略",
          "soft": false
        },
        {
          "kind": "assertion",
          "name": "assert_anchor_present",
          "phase": "verifying",
          "order": 2,
          "enabled": true,
          "onFailure": "abort",
          "target": "$.response_body.list[*].id",
          "operator": "contains",
          "expected": "333509771481055232",
          "message": "②anchor_present: 已知记录必须可查到",
          "soft": false
        },
        {
          "kind": "assertion",
          "name": "assert_field_order_no_contains_canon",
          "phase": "verifying",
          "order": 3,
          "enabled": true,
          "onFailure": "abort",
          "target": "$.response_body.list[*].order_no",
          "operator": "contains",
          "expected": "YHRGIMBAL00061",
          "message": "③rows_match: 首页 list[*].order_no 应包含 YHRGIMBAL00061",
          "soft": false
        },
        {
          "kind": "assertion",
          "name": "assert_field_bl_no_contains_canon",
          "phase": "verifying",
          "order": 4,
          "enabled": true,
          "onFailure": "abort",
          "target": "$.response_body.list[*].bl_no",
          "operator": "contains",
          "expected": "YHRGIMBAL00061",
          "message": "③rows_match: 首页 list[*].bl_no 应包含 YHRGIMBAL00061",
          "soft": false
        },
        {
          "kind": "assertion",
          "name": "assert_negative_count_zero",
          "phase": "verifying",
          "order": 5,
          "enabled": true,
          "onFailure": "abort",
          "target": "$.response_body.count",
          "operator": "eq",
          "expected": 0,
          "message": "④negative: 不存在的值应返回 0 条",
          "soft": false
        }
      ]
    },
    {
      "kind": "step",
      "description": "查询[模糊-委托公司]=上海新拓国际物流",
      "api": {
        "kind": "api",
        "service": "tidb-test-service",
        "method": "GET",
        "path": "/newshopadmin-tidb/OrderSettlement/ajaxGetList.html",
        "headers": {
          "Cookie": "${auth.codfish.token}",
          "Content-Type": "application/x-www-form-urlencoded"
        },
        "timeout": 30
      },
      "request": {
        "kind": "request",
        "body": {
          "page": "1",
          "size": "15",
          "wd": "",
          "search_company": "上海新拓国际物流",
          "work_no": "",
          "order_customer_real": "",
          "booking_agent_bp": "",
          "booking_agent_bp_real": "",
          "order_business_no": "",
          "order_terminated_shutout_status": "1",
          "bulk_query_type": "1",
          "bulk_shutout_status": "",
          "bulk_query": "0",
          "batch_exchange_query": "",
          "ship_company": "",
          "booking_mbl_delivery_mode": "",
          "service_types": "",
          "order_remarks": "",
          "sale": "",
          "client": "",
          "operator": "",
          "search_time[charge_pay_date]": "",
          "search_time[charge_rec_date]": ""
        }
      },
      "strategy": [
        {
          "kind": "assertion",
          "name": "assert_http_status_eq_200",
          "phase": "verifying",
          "order": 0,
          "enabled": true,
          "onFailure": "abort",
          "target": "$.response_status",
          "operator": "eq",
          "expected": 200,
          "message": "查询[模糊-委托公司]=上海新拓国际物流 应返回200",
          "soft": false
        },
        {
          "kind": "assertion",
          "name": "assert_count_shrinks",
          "phase": "verifying",
          "order": 1,
          "enabled": true,
          "onFailure": "abort",
          "target": "$.response_body.count",
          "operator": "lt",
          "expected": 540,
          "message": "①count_shrinks: 相等意味着过滤参数被后端忽略",
          "soft": false
        },
        {
          "kind": "assertion",
          "name": "assert_anchor_present",
          "phase": "verifying",
          "order": 2,
          "enabled": true,
          "onFailure": "abort",
          "target": "$.response_body.list[*].id",
          "operator": "contains",
          "expected": "333509771481055232",
          "message": "②anchor_present: 已知记录必须可查到",
          "soft": false
        },
        {
          "kind": "assertion",
          "name": "assert_field_order_company_name_contains_canon",
          "phase": "verifying",
          "order": 3,
          "enabled": true,
          "onFailure": "abort",
          "target": "$.response_body.list[*].order_company_name",
          "operator": "contains",
          "expected": "上海新拓国际物流",
          "message": "③rows_match: 首页 list[*].order_company_name 应包含 上海新拓国际物流",
          "soft": false
        },
        {
          "kind": "assertion",
          "name": "assert_negative_count_zero",
          "phase": "verifying",
          "order": 4,
          "enabled": true,
          "onFailure": "abort",
          "target": "$.response_body.count",
          "operator": "eq",
          "expected": 0,
          "message": "④negative: 不存在的值应返回 0 条",
          "soft": false
        }
      ]
    },
    {
      "kind": "step",
      "description": "查询[工作号]=W202607070003",
      "api": {
        "kind": "api",
        "service": "tidb-test-service",
        "method": "GET",
        "path": "/newshopadmin-tidb/OrderSettlement/ajaxGetList.html",
        "headers": {
          "Cookie": "${auth.codfish.token}",
          "Content-Type": "application/x-www-form-urlencoded"
        },
        "timeout": 30
      },
      "request": {
        "kind": "request",
        "body": {
          "page": "1",
          "size": "15",
          "wd": "",
          "search_company": "",
          "work_no": "W202607070003",
          "order_customer_real": "",
          "booking_agent_bp": "",
          "booking_agent_bp_real": "",
          "order_business_no": "",
          "order_terminated_shutout_status": "1",
          "bulk_query_type": "1",
          "bulk_shutout_status": "",
          "bulk_query": "0",
          "batch_exchange_query": "",
          "ship_company": "",
          "booking_mbl_delivery_mode": "",
          "service_types": "",
          "order_remarks": "",
          "sale": "",
          "client": "",
          "operator": "",
          "search_time[charge_pay_date]": "",
          "search_time[charge_rec_date]": ""
        }
      },
      "strategy": [
        {
          "kind": "assertion",
          "name": "assert_http_status_eq_200",
          "phase": "verifying",
          "order": 0,
          "enabled": true,
          "onFailure": "abort",
          "target": "$.response_status",
          "operator": "eq",
          "expected": 200,
          "message": "查询[工作号]=W202607070003 应返回200",
          "soft": false
        },
        {
          "kind": "assertion",
          "name": "assert_count_shrinks",
          "phase": "verifying",
          "order": 1,
          "enabled": true,
          "onFailure": "abort",
          "target": "$.response_body.count",
          "operator": "lt",
          "expected": 540,
          "message": "①count_shrinks: 相等意味着过滤参数被后端忽略",
          "soft": false
        },
        {
          "kind": "assertion",
          "name": "assert_anchor_present",
          "phase": "verifying",
          "order": 2,
          "enabled": true,
          "onFailure": "abort",
          "target": "$.response_body.list[*].id",
          "operator": "contains",
          "expected": "333509771481055232",
          "message": "②anchor_present: 已知记录必须可查到",
          "soft": false
        },
        {
          "kind": "assertion",
          "name": "assert_field_work_no_contains_canon",
          "phase": "verifying",
          "order": 3,
          "enabled": true,
          "onFailure": "abort",
          "target": "$.response_body.list[*].work_no",
          "operator": "contains",
          "expected": "W202607070003",
          "message": "③rows_match: 首页 list[*].work_no 应包含 W202607070003",
          "soft": false
        },
        {
          "kind": "assertion",
          "name": "assert_negative_count_zero",
          "phase": "verifying",
          "order": 4,
          "enabled": true,
          "onFailure": "abort",
          "target": "$.response_body.count",
          "operator": "eq",
          "expected": 0,
          "message": "④negative: 不存在的值应返回 0 条",
          "soft": false
        }
      ]
    },
    {
      "kind": "step",
      "description": "查询[客户(实际)]=上海新拓国际物流有限公司",
      "api": {
        "kind": "api",
        "service": "tidb-test-service",
        "method": "GET",
        "path": "/newshopadmin-tidb/OrderSettlement/ajaxGetList.html",
        "headers": {
          "Cookie": "${auth.codfish.token}",
          "Content-Type": "application/x-www-form-urlencoded"
        },
        "timeout": 30
      },
      "request": {
        "kind": "request",
        "body": {
          "page": "1",
          "size": "15",
          "wd": "",
          "search_company": "",
          "work_no": "",
          "order_customer_real": "上海新拓国际物流有限公司",
          "booking_agent_bp": "",
          "booking_agent_bp_real": "",
          "order_business_no": "",
          "order_terminated_shutout_status": "1",
          "bulk_query_type": "1",
          "bulk_shutout_status": "",
          "bulk_query": "0",
          "batch_exchange_query": "",
          "ship_company": "",
          "booking_mbl_delivery_mode": "",
          "service_types": "",
          "order_remarks": "",
          "sale": "",
          "client": "",
          "operator": "",
          "search_time[charge_pay_date]": "",
          "search_time[charge_rec_date]": ""
        }
      },
      "strategy": [
        {
          "kind": "assertion",
          "name": "assert_http_status_eq_200",
          "phase": "verifying",
          "order": 0,
          "enabled": true,
          "onFailure": "abort",
          "target": "$.response_status",
          "operator": "eq",
          "expected": 200,
          "message": "查询[客户(实际)]=上海新拓国际物流有限公司 应返回200",
          "soft": false
        },
        {
          "kind": "assertion",
          "name": "assert_count_shrinks",
          "phase": "verifying",
          "order": 1,
          "enabled": true,
          "onFailure": "abort",
          "target": "$.response_body.count",
          "operator": "lt",
          "expected": 540,
          "message": "①count_shrinks: 相等意味着过滤参数被后端忽略",
          "soft": false
        },
        {
          "kind": "assertion",
          "name": "assert_anchor_present",
          "phase": "verifying",
          "order": 2,
          "enabled": true,
          "onFailure": "abort",
          "target": "$.response_body.list[*].id",
          "operator": "contains",
          "expected": "333509771481055232",
          "message": "②anchor_present: 已知记录必须可查到",
          "soft": false
        },
        {
          "kind": "assertion",
          "name": "assert_field_order_customer_real_contains_canon",
          "phase": "verifying",
          "order": 3,
          "enabled": true,
          "onFailure": "abort",
          "target": "$.response_body.list[*].order_customer_real",
          "operator": "contains",
          "expected": "上海新拓国际物流有限公司",
          "message": "③rows_match: 首页 list[*].order_customer_real 应包含 上海新拓国际物流有限公司",
          "soft": false
        },
        {
          "kind": "assertion",
          "name": "assert_negative_count_zero",
          "phase": "verifying",
          "order": 4,
          "enabled": true,
          "onFailure": "abort",
          "target": "$.response_body.count",
          "operator": "eq",
          "expected": 0,
          "message": "④negative: 不存在的值应返回 0 条",
          "soft": false
        }
      ]
    },
    {
      "kind": "step",
      "description": "查询[订舱代理BP]=环拓国际货运代理",
      "api": {
        "kind": "api",
        "service": "tidb-test-service",
        "method": "GET",
        "path": "/newshopadmin-tidb/OrderSettlement/ajaxGetList.html",
        "headers": {
          "Cookie": "${auth.codfish.token}",
          "Content-Type": "application/x-www-form-urlencoded"
        },
        "timeout": 30
      },
      "request": {
        "kind": "request",
        "body": {
          "page": "1",
          "size": "15",
          "wd": "",
          "search_company": "",
          "work_no": "",
          "order_customer_real": "",
          "booking_agent_bp": "环拓国际货运代理",
          "booking_agent_bp_real": "",
          "order_business_no": "",
          "order_terminated_shutout_status": "1",
          "bulk_query_type": "1",
          "bulk_shutout_status": "",
          "bulk_query": "0",
          "batch_exchange_query": "",
          "ship_company": "",
          "booking_mbl_delivery_mode": "",
          "service_types": "",
          "order_remarks": "",
          "sale": "",
          "client": "",
          "operator": "",
          "search_time[charge_pay_date]": "",
          "search_time[charge_rec_date]": ""
        }
      },
      "strategy": [
        {
          "kind": "assertion",
          "name": "assert_http_status_eq_200",
          "phase": "verifying",
          "order": 0,
          "enabled": true,
          "onFailure": "abort",
          "target": "$.response_status",
          "operator": "eq",
          "expected": 200,
          "message": "查询[订舱代理BP]=环拓国际货运代理 应返回200",
          "soft": false
        },
        {
          "kind": "assertion",
          "name": "assert_count_shrinks",
          "phase": "verifying",
          "order": 1,
          "enabled": true,
          "onFailure": "abort",
          "target": "$.response_body.count",
          "operator": "lt",
          "expected": 540,
          "message": "①count_shrinks: 相等意味着过滤参数被后端忽略",
          "soft": false
        },
        {
          "kind": "assertion",
          "name": "assert_anchor_present",
          "phase": "verifying",
          "order": 2,
          "enabled": true,
          "onFailure": "abort",
          "target": "$.response_body.list[*].id",
          "operator": "contains",
          "expected": "333509771481055232",
          "message": "②anchor_present: 已知记录必须可查到",
          "soft": false
        },
        {
          "kind": "assertion",
          "name": "assert_field_booking_agent_bp_contains_canon",
          "phase": "verifying",
          "order": 3,
          "enabled": true,
          "onFailure": "abort",
          "target": "$.response_body.list[*].booking_agent_bp",
          "operator": "contains",
          "expected": "环拓国际货运代理",
          "message": "③rows_match: 首页 list[*].booking_agent_bp 应包含 环拓国际货运代理",
          "soft": false
        },
        {
          "kind": "assertion",
          "name": "assert_negative_count_zero",
          "phase": "verifying",
          "order": 4,
          "enabled": true,
          "onFailure": "abort",
          "target": "$.response_body.count",
          "operator": "eq",
          "expected": 0,
          "message": "④negative: 不存在的值应返回 0 条",
          "soft": false
        }
      ]
    },
    {
      "kind": "step",
      "description": "查询[订舱代理BP(实际)]=环拓国际货运代理(实)",
      "api": {
        "kind": "api",
        "service": "tidb-test-service",
        "method": "GET",
        "path": "/newshopadmin-tidb/OrderSettlement/ajaxGetList.html",
        "headers": {
          "Cookie": "${auth.codfish.token}",
          "Content-Type": "application/x-www-form-urlencoded"
        },
        "timeout": 30
      },
      "request": {
        "kind": "request",
        "body": {
          "page": "1",
          "size": "15",
          "wd": "",
          "search_company": "",
          "work_no": "",
          "order_customer_real": "",
          "booking_agent_bp": "",
          "booking_agent_bp_real": "环拓国际货运代理(实)",
          "order_business_no": "",
          "order_terminated_shutout_status": "1",
          "bulk_query_type": "1",
          "bulk_shutout_status": "",
          "bulk_query": "0",
          "batch_exchange_query": "",
          "ship_company": "",
          "booking_mbl_delivery_mode": "",
          "service_types": "",
          "order_remarks": "",
          "sale": "",
          "client": "",
          "operator": "",
          "search_time[charge_pay_date]": "",
          "search_time[charge_rec_date]": ""
        }
      },
      "strategy": [
        {
          "kind": "assertion",
          "name": "assert_http_status_eq_200",
          "phase": "verifying",
          "order": 0,
          "enabled": true,
          "onFailure": "abort",
          "target": "$.response_status",
          "operator": "eq",
          "expected": 200,
          "message": "查询[订舱代理BP(实际)]=环拓国际货运代理(实) 应返回200",
          "soft": false
        },
        {
          "kind": "assertion",
          "name": "assert_count_shrinks",
          "phase": "verifying",
          "order": 1,
          "enabled": true,
          "onFailure": "abort",
          "target": "$.response_body.count",
          "operator": "lt",
          "expected": 540,
          "message": "①count_shrinks: 相等意味着过滤参数被后端忽略",
          "soft": false
        },
        {
          "kind": "assertion",
          "name": "assert_anchor_present",
          "phase": "verifying",
          "order": 2,
          "enabled": true,
          "onFailure": "abort",
          "target": "$.response_body.list[*].id",
          "operator": "contains",
          "expected": "333509771481055232",
          "message": "②anchor_present: 已知记录必须可查到",
          "soft": false
        },
        {
          "kind": "assertion",
          "name": "assert_field_booking_agent_bp_real_contains_canon",
          "phase": "verifying",
          "order": 3,
          "enabled": true,
          "onFailure": "abort",
          "target": "$.response_body.list[*].booking_agent_bp_real",
          "operator": "contains",
          "expected": "环拓国际货运代理(实)",
          "message": "③rows_match: 首页 list[*].booking_agent_bp_real 应包含 环拓国际货运代理(实)",
          "soft": false
        },
        {
          "kind": "assertion",
          "name": "assert_negative_count_zero",
          "phase": "verifying",
          "order": 4,
          "enabled": true,
          "onFailure": "abort",
          "target": "$.response_body.count",
          "operator": "eq",
          "expected": 0,
          "message": "④negative: 不存在的值应返回 0 条",
          "soft": false
        }
      ]
    },
    {
      "kind": "step",
      "description": "查询[业务单号]=BIZ202607070003",
      "api": {
        "kind": "api",
        "service": "tidb-test-service",
        "method": "GET",
        "path": "/newshopadmin-tidb/OrderSettlement/ajaxGetList.html",
        "headers": {
          "Cookie": "${auth.codfish.token}",
          "Content-Type": "application/x-www-form-urlencoded"
        },
        "timeout": 30
      },
      "request": {
        "kind": "request",
        "body": {
          "page": "1",
          "size": "15",
          "wd": "",
          "search_company": "",
          "work_no": "",
          "order_customer_real": "",
          "booking_agent_bp": "",
          "booking_agent_bp_real": "",
          "order_business_no": "BIZ202607070003",
          "order_terminated_shutout_status": "1",
          "bulk_query_type": "1",
          "bulk_shutout_status": "",
          "bulk_query": "0",
          "batch_exchange_query": "",
          "ship_company": "",
          "booking_mbl_delivery_mode": "",
          "service_types": "",
          "order_remarks": "",
          "sale": "",
          "client": "",
          "operator": "",
          "search_time[charge_pay_date]": "",
          "search_time[charge_rec_date]": ""
        }
      },
      "strategy": [
        {
          "kind": "assertion",
          "name": "assert_http_status_eq_200",
          "phase": "verifying",
          "order": 0,
          "enabled": true,
          "onFailure": "abort",
          "target": "$.response_status",
          "operator": "eq",
          "expected": 200,
          "message": "查询[业务单号]=BIZ202607070003 应返回200",
          "soft": false
        },
        {
          "kind": "assertion",
          "name": "assert_count_shrinks",
          "phase": "verifying",
          "order": 1,
          "enabled": true,
          "onFailure": "abort",
          "target": "$.response_body.count",
          "operator": "lt",
          "expected": 540,
          "message": "①count_shrinks: 相等意味着过滤参数被后端忽略",
          "soft": false
        },
        {
          "kind": "assertion",
          "name": "assert_anchor_present",
          "phase": "verifying",
          "order": 2,
          "enabled": true,
          "onFailure": "abort",
          "target": "$.response_body.list[*].id",
          "operator": "contains",
          "expected": "333509771481055232",
          "message": "②anchor_present: 已知记录必须可查到",
          "soft": false
        },
        {
          "kind": "assertion",
          "name": "assert_field_order_business_no_contains_canon",
          "phase": "verifying",
          "order": 3,
          "enabled": true,
          "onFailure": "abort",
          "target": "$.response_body.list[*].order_business_no",
          "operator": "contains",
          "expected": "BIZ202607070003",
          "message": "③rows_match: 首页 list[*].order_business_no 应包含 BIZ202607070003",
          "soft": false
        },
        {
          "kind": "assertion",
          "name": "assert_negative_count_zero",
          "phase": "verifying",
          "order": 4,
          "enabled": true,
          "onFailure": "abort",
          "target": "$.response_body.count",
          "operator": "eq",
          "expected": 0,
          "message": "④negative: 不存在的值应返回 0 条",
          "soft": false
        }
      ]
    },
    {
      "kind": "step",
      "description": "查询[船公司]=COSCO",
      "api": {
        "kind": "api",
        "service": "tidb-test-service",
        "method": "GET",
        "path": "/newshopadmin-tidb/OrderSettlement/ajaxGetList.html",
        "headers": {
          "Cookie": "${auth.codfish.token}",
          "Content-Type": "application/x-www-form-urlencoded"
        },
        "timeout": 30
      },
      "request": {
        "kind": "request",
        "body": {
          "page": "1",
          "size": "15",
          "wd": "",
          "search_company": "",
          "work_no": "",
          "order_customer_real": "",
          "booking_agent_bp": "",
          "booking_agent_bp_real": "",
          "order_business_no": "",
          "order_terminated_shutout_status": "1",
          "bulk_query_type": "1",
          "bulk_shutout_status": "",
          "bulk_query": "0",
          "batch_exchange_query": "",
          "ship_company": "COSCO",
          "booking_mbl_delivery_mode": "",
          "service_types": "",
          "order_remarks": "",
          "sale": "",
          "client": "",
          "operator": "",
          "search_time[charge_pay_date]": "",
          "search_time[charge_rec_date]": ""
        }
      },
      "strategy": [
        {
          "kind": "assertion",
          "name": "assert_http_status_eq_200",
          "phase": "verifying",
          "order": 0,
          "enabled": true,
          "onFailure": "abort",
          "target": "$.response_status",
          "operator": "eq",
          "expected": 200,
          "message": "查询[船公司]=COSCO 应返回200",
          "soft": false
        },
        {
          "kind": "assertion",
          "name": "assert_count_shrinks",
          "phase": "verifying",
          "order": 1,
          "enabled": true,
          "onFailure": "abort",
          "target": "$.response_body.count",
          "operator": "lt",
          "expected": 540,
          "message": "①count_shrinks: 相等意味着过滤参数被后端忽略",
          "soft": false
        },
        {
          "kind": "assertion",
          "name": "assert_anchor_present",
          "phase": "verifying",
          "order": 2,
          "enabled": true,
          "onFailure": "abort",
          "target": "$.response_body.list[*].id",
          "operator": "contains",
          "expected": "333509771481055232",
          "message": "②anchor_present: 已知记录必须可查到",
          "soft": false
        },
        {
          "kind": "assertion",
          "name": "assert_field_schedule_carrier_contains_canon",
          "phase": "verifying",
          "order": 3,
          "enabled": true,
          "onFailure": "abort",
          "target": "$.response_body.list[*].schedule_carrier",
          "operator": "contains",
          "expected": "COSCO",
          "message": "③rows_match: 首页 list[*].schedule_carrier 应包含 COSCO",
          "soft": false
        }
      ]
    },
    {
      "kind": "step",
      "description": "查询[船公司]=MSK",
      "api": {
        "kind": "api",
        "service": "tidb-test-service",
        "method": "GET",
        "path": "/newshopadmin-tidb/OrderSettlement/ajaxGetList.html",
        "headers": {
          "Cookie": "${auth.codfish.token}",
          "Content-Type": "application/x-www-form-urlencoded"
        },
        "timeout": 30
      },
      "request": {
        "kind": "request",
        "body": {
          "page": "1",
          "size": "15",
          "wd": "",
          "search_company": "",
          "work_no": "",
          "order_customer_real": "",
          "booking_agent_bp": "",
          "booking_agent_bp_real": "",
          "order_business_no": "",
          "order_terminated_shutout_status": "1",
          "bulk_query_type": "1",
          "bulk_shutout_status": "",
          "bulk_query": "0",
          "batch_exchange_query": "",
          "ship_company": "MSK",
          "booking_mbl_delivery_mode": "",
          "service_types": "",
          "order_remarks": "",
          "sale": "",
          "client": "",
          "operator": "",
          "search_time[charge_pay_date]": "",
          "search_time[charge_rec_date]": ""
        }
      },
      "strategy": [
        {
          "kind": "assertion",
          "name": "assert_http_status_eq_200",
          "phase": "verifying",
          "order": 0,
          "enabled": true,
          "onFailure": "abort",
          "target": "$.response_status",
          "operator": "eq",
          "expected": 200,
          "message": "查询[船公司]=MSK 应返回200",
          "soft": false
        },
        {
          "kind": "assertion",
          "name": "assert_count_shrinks",
          "phase": "verifying",
          "order": 1,
          "enabled": true,
          "onFailure": "abort",
          "target": "$.response_body.count",
          "operator": "lt",
          "expected": 540,
          "message": "①count_shrinks: 相等意味着过滤参数被后端忽略",
          "soft": false
        },
        {
          "kind": "assertion",
          "name": "assert_anchor_present",
          "phase": "verifying",
          "order": 2,
          "enabled": true,
          "onFailure": "abort",
          "target": "$.response_body.list[*].id",
          "operator": "contains",
          "expected": "333509792846840543",
          "message": "②anchor_present: 已知记录必须可查到",
          "soft": false
        },
        {
          "kind": "assertion",
          "name": "assert_field_schedule_carrier_contains_canon",
          "phase": "verifying",
          "order": 3,
          "enabled": true,
          "onFailure": "abort",
          "target": "$.response_body.list[*].schedule_carrier",
          "operator": "contains",
          "expected": "MSK",
          "message": "③rows_match: 首页 list[*].schedule_carrier 应包含 MSK",
          "soft": false
        }
      ]
    },
    {
      "kind": "step",
      "description": "查询[MBL放单方式]=电放",
      "api": {
        "kind": "api",
        "service": "tidb-test-service",
        "method": "GET",
        "path": "/newshopadmin-tidb/OrderSettlement/ajaxGetList.html",
        "headers": {
          "Cookie": "${auth.codfish.token}",
          "Content-Type": "application/x-www-form-urlencoded"
        },
        "timeout": 30
      },
      "request": {
        "kind": "request",
        "body": {
          "page": "1",
          "size": "15",
          "wd": "",
          "search_company": "",
          "work_no": "",
          "order_customer_real": "",
          "booking_agent_bp": "",
          "booking_agent_bp_real": "",
          "order_business_no": "",
          "order_terminated_shutout_status": "1",
          "bulk_query_type": "1",
          "bulk_shutout_status": "",
          "bulk_query": "0",
          "batch_exchange_query": "",
          "ship_company": "",
          "booking_mbl_delivery_mode": "2",
          "service_types": "",
          "order_remarks": "",
          "sale": "",
          "client": "",
          "operator": "",
          "search_time[charge_pay_date]": "",
          "search_time[charge_rec_date]": ""
        }
      },
      "strategy": [
        {
          "kind": "assertion",
          "name": "assert_http_status_eq_200",
          "phase": "verifying",
          "order": 0,
          "enabled": true,
          "onFailure": "abort",
          "target": "$.response_status",
          "operator": "eq",
          "expected": 200,
          "message": "查询[MBL放单方式]=电放 应返回200",
          "soft": false
        },
        {
          "kind": "assertion",
          "name": "assert_count_shrinks",
          "phase": "verifying",
          "order": 1,
          "enabled": true,
          "onFailure": "abort",
          "target": "$.response_body.count",
          "operator": "lt",
          "expected": 540,
          "message": "①count_shrinks: 相等意味着过滤参数被后端忽略",
          "soft": false
        },
        {
          "kind": "assertion",
          "name": "assert_anchor_present",
          "phase": "verifying",
          "order": 2,
          "enabled": true,
          "onFailure": "abort",
          "target": "$.response_body.list[*].id",
          "operator": "contains",
          "expected": "333509771481055232",
          "message": "②anchor_present: 已知记录必须可查到",
          "soft": false
        },
        {
          "kind": "assertion",
          "name": "assert_field_booking_mbl_delivery_mode_contains_canon",
          "phase": "verifying",
          "order": 3,
          "enabled": true,
          "onFailure": "abort",
          "target": "$.response_body.list[*].booking_mbl_delivery_mode",
          "operator": "contains",
          "expected": "电放",
          "message": "③rows_match: 首页 list[*].booking_mbl_delivery_mode 应包含 电放",
          "soft": false
        }
      ]
    },
    {
      "kind": "step",
      "description": "查询[MBL放单方式]=正本",
      "api": {
        "kind": "api",
        "service": "tidb-test-service",
        "method": "GET",
        "path": "/newshopadmin-tidb/OrderSettlement/ajaxGetList.html",
        "headers": {
          "Cookie": "${auth.codfish.token}",
          "Content-Type": "application/x-www-form-urlencoded"
        },
        "timeout": 30
      },
      "request": {
        "kind": "request",
        "body": {
          "page": "1",
          "size": "15",
          "wd": "",
          "search_company": "",
          "work_no": "",
          "order_customer_real": "",
          "booking_agent_bp": "",
          "booking_agent_bp_real": "",
          "order_business_no": "",
          "order_terminated_shutout_status": "1",
          "bulk_query_type": "1",
          "bulk_shutout_status": "",
          "bulk_query": "0",
          "batch_exchange_query": "",
          "ship_company": "",
          "booking_mbl_delivery_mode": "1",
          "service_types": "",
          "order_remarks": "",
          "sale": "",
          "client": "",
          "operator": "",
          "search_time[charge_pay_date]": "",
          "search_time[charge_rec_date]": ""
        }
      },
      "strategy": [
        {
          "kind": "assertion",
          "name": "assert_http_status_eq_200",
          "phase": "verifying",
          "order": 0,
          "enabled": true,
          "onFailure": "abort",
          "target": "$.response_status",
          "operator": "eq",
          "expected": 200,
          "message": "查询[MBL放单方式]=正本 应返回200",
          "soft": false
        },
        {
          "kind": "assertion",
          "name": "assert_count_shrinks",
          "phase": "verifying",
          "order": 1,
          "enabled": true,
          "onFailure": "abort",
          "target": "$.response_body.count",
          "operator": "lt",
          "expected": 540,
          "message": "①count_shrinks: 相等意味着过滤参数被后端忽略",
          "soft": false
        },
        {
          "kind": "assertion",
          "name": "assert_anchor_present",
          "phase": "verifying",
          "order": 2,
          "enabled": true,
          "onFailure": "abort",
          "target": "$.response_body.list[*].id",
          "operator": "contains",
          "expected": "333509792846840543",
          "message": "②anchor_present: 已知记录必须可查到",
          "soft": false
        },
        {
          "kind": "assertion",
          "name": "assert_field_booking_mbl_delivery_mode_contains_canon",
          "phase": "verifying",
          "order": 3,
          "enabled": true,
          "onFailure": "abort",
          "target": "$.response_body.list[*].booking_mbl_delivery_mode",
          "operator": "contains",
          "expected": "正本",
          "message": "③rows_match: 首页 list[*].booking_mbl_delivery_mode 应包含 正本",
          "soft": false
        }
      ]
    },
    {
      "kind": "step",
      "description": "查询[服务类型(多选)]=订舱",
      "api": {
        "kind": "api",
        "service": "tidb-test-service",
        "method": "GET",
        "path": "/newshopadmin-tidb/OrderSettlement/ajaxGetList.html",
        "headers": {
          "Cookie": "${auth.codfish.token}",
          "Content-Type": "application/x-www-form-urlencoded"
        },
        "timeout": 30
      },
      "request": {
        "kind": "request",
        "body": {
          "page": "1",
          "size": "15",
          "wd": "",
          "search_company": "",
          "work_no": "",
          "order_customer_real": "",
          "booking_agent_bp": "",
          "booking_agent_bp_real": "",
          "order_business_no": "",
          "order_terminated_shutout_status": "1",
          "bulk_query_type": "1",
          "bulk_shutout_status": "",
          "bulk_query": "0",
          "batch_exchange_query": "",
          "ship_company": "",
          "booking_mbl_delivery_mode": "",
          "service_types": "1",
          "order_remarks": "",
          "sale": "",
          "client": "",
          "operator": "",
          "search_time[charge_pay_date]": "",
          "search_time[charge_rec_date]": ""
        }
      },
      "strategy": [
        {
          "kind": "assertion",
          "name": "assert_http_status_eq_200",
          "phase": "verifying",
          "order": 0,
          "enabled": true,
          "onFailure": "abort",
          "target": "$.response_status",
          "operator": "eq",
          "expected": 200,
          "message": "查询[服务类型(多选)]=订舱 应返回200",
          "soft": false
        },
        {
          "kind": "assertion",
          "name": "assert_count_shrinks",
          "phase": "verifying",
          "order": 1,
          "enabled": true,
          "onFailure": "abort",
          "target": "$.response_body.count",
          "operator": "lt",
          "expected": 540,
          "message": "①count_shrinks: 相等意味着过滤参数被后端忽略",
          "soft": false
        },
        {
          "kind": "assertion",
          "name": "assert_anchor_present",
          "phase": "verifying",
          "order": 2,
          "enabled": true,
          "onFailure": "abort",
          "target": "$.response_body.list[*].id",
          "operator": "contains",
          "expected": "333509771481055232",
          "message": "②anchor_present: 已知记录必须可查到",
          "soft": false
        },
        {
          "kind": "assertion",
          "name": "assert_field_order_service_types_contains_canon",
          "phase": "verifying",
          "order": 3,
          "enabled": true,
          "onFailure": "abort",
          "target": "$.response_body.list[*].order_service_types",
          "operator": "contains",
          "expected": "订舱",
          "message": "③rows_match: 首页 list[*].order_service_types 应包含 订舱",
          "soft": false
        }
      ]
    },
    {
      "kind": "step",
      "description": "查询[服务类型(多选)]=拖车",
      "api": {
        "kind": "api",
        "service": "tidb-test-service",
        "method": "GET",
        "path": "/newshopadmin-tidb/OrderSettlement/ajaxGetList.html",
        "headers": {
          "Cookie": "${auth.codfish.token}",
          "Content-Type": "application/x-www-form-urlencoded"
        },
        "timeout": 30
      },
      "request": {
        "kind": "request",
        "body": {
          "page": "1",
          "size": "15",
          "wd": "",
          "search_company": "",
          "work_no": "",
          "order_customer_real": "",
          "booking_agent_bp": "",
          "booking_agent_bp_real": "",
          "order_business_no": "",
          "order_terminated_shutout_status": "1",
          "bulk_query_type": "1",
          "bulk_shutout_status": "",
          "bulk_query": "0",
          "batch_exchange_query": "",
          "ship_company": "",
          "booking_mbl_delivery_mode": "",
          "service_types": "2",
          "order_remarks": "",
          "sale": "",
          "client": "",
          "operator": "",
          "search_time[charge_pay_date]": "",
          "search_time[charge_rec_date]": ""
        }
      },
      "strategy": [
        {
          "kind": "assertion",
          "name": "assert_http_status_eq_200",
          "phase": "verifying",
          "order": 0,
          "enabled": true,
          "onFailure": "abort",
          "target": "$.response_status",
          "operator": "eq",
          "expected": 200,
          "message": "查询[服务类型(多选)]=拖车 应返回200",
          "soft": false
        },
        {
          "kind": "assertion",
          "name": "assert_count_shrinks",
          "phase": "verifying",
          "order": 1,
          "enabled": true,
          "onFailure": "abort",
          "target": "$.response_body.count",
          "operator": "lt",
          "expected": 540,
          "message": "①count_shrinks: 相等意味着过滤参数被后端忽略",
          "soft": false
        },
        {
          "kind": "assertion",
          "name": "assert_anchor_present",
          "phase": "verifying",
          "order": 2,
          "enabled": true,
          "onFailure": "abort",
          "target": "$.response_body.list[*].id",
          "operator": "contains",
          "expected": "333509792846840543",
          "message": "②anchor_present: 已知记录必须可查到",
          "soft": false
        },
        {
          "kind": "assertion",
          "name": "assert_field_order_service_types_contains_canon",
          "phase": "verifying",
          "order": 3,
          "enabled": true,
          "onFailure": "abort",
          "target": "$.response_body.list[*].order_service_types",
          "operator": "contains",
          "expected": "拖车",
          "message": "③rows_match: 首页 list[*].order_service_types 应包含 拖车",
          "soft": false
        }
      ]
    },
    {
      "kind": "step",
      "description": "查询[订单备注]=结算业务",
      "api": {
        "kind": "api",
        "service": "tidb-test-service",
        "method": "GET",
        "path": "/newshopadmin-tidb/OrderSettlement/ajaxGetList.html",
        "headers": {
          "Cookie": "${auth.codfish.token}",
          "Content-Type": "application/x-www-form-urlencoded"
        },
        "timeout": 30
      },
      "request": {
        "kind": "request",
        "body": {
          "page": "1",
          "size": "15",
          "wd": "",
          "search_company": "",
          "work_no": "",
          "order_customer_real": "",
          "booking_agent_bp": "",
          "booking_agent_bp_real": "",
          "order_business_no": "",
          "order_terminated_shutout_status": "1",
          "bulk_query_type": "1",
          "bulk_shutout_status": "",
          "bulk_query": "0",
          "batch_exchange_query": "",
          "ship_company": "",
          "booking_mbl_delivery_mode": "",
          "service_types": "",
          "order_remarks": "1",
          "sale": "",
          "client": "",
          "operator": "",
          "search_time[charge_pay_date]": "",
          "search_time[charge_rec_date]": ""
        }
      },
      "strategy": [
        {
          "kind": "assertion",
          "name": "assert_http_status_eq_200",
          "phase": "verifying",
          "order": 0,
          "enabled": true,
          "onFailure": "abort",
          "target": "$.response_status",
          "operator": "eq",
          "expected": 200,
          "message": "查询[订单备注]=结算业务 应返回200",
          "soft": false
        },
        {
          "kind": "assertion",
          "name": "assert_count_shrinks",
          "phase": "verifying",
          "order": 1,
          "enabled": true,
          "onFailure": "abort",
          "target": "$.response_body.count",
          "operator": "lt",
          "expected": 540,
          "message": "①count_shrinks: 相等意味着过滤参数被后端忽略",
          "soft": false
        },
        {
          "kind": "assertion",
          "name": "assert_anchor_present",
          "phase": "verifying",
          "order": 2,
          "enabled": true,
          "onFailure": "abort",
          "target": "$.response_body.list[*].id",
          "operator": "contains",
          "expected": "333509771481055232",
          "message": "②anchor_present: 已知记录必须可查到",
          "soft": false
        },
        {
          "kind": "assertion",
          "name": "assert_field_order_remarks_contains_canon",
          "phase": "verifying",
          "order": 3,
          "enabled": true,
          "onFailure": "abort",
          "target": "$.response_body.list[*].order_remarks",
          "operator": "contains",
          "expected": "结算业务",
          "message": "③rows_match: 首页 list[*].order_remarks 应包含 结算业务",
          "soft": false
        }
      ]
    },
    {
      "kind": "step",
      "description": "查询[销售员]=银小忠",
      "api": {
        "kind": "api",
        "service": "tidb-test-service",
        "method": "GET",
        "path": "/newshopadmin-tidb/OrderSettlement/ajaxGetList.html",
        "headers": {
          "Cookie": "${auth.codfish.token}",
          "Content-Type": "application/x-www-form-urlencoded"
        },
        "timeout": 30
      },
      "request": {
        "kind": "request",
        "body": {
          "page": "1",
          "size": "15",
          "wd": "",
          "search_company": "",
          "work_no": "",
          "order_customer_real": "",
          "booking_agent_bp": "",
          "booking_agent_bp_real": "",
          "order_business_no": "",
          "order_terminated_shutout_status": "1",
          "bulk_query_type": "1",
          "bulk_shutout_status": "",
          "bulk_query": "0",
          "batch_exchange_query": "",
          "ship_company": "",
          "booking_mbl_delivery_mode": "",
          "service_types": "",
          "order_remarks": "",
          "sale": "银小忠",
          "client": "",
          "operator": "",
          "search_time[charge_pay_date]": "",
          "search_time[charge_rec_date]": ""
        }
      },
      "strategy": [
        {
          "kind": "assertion",
          "name": "assert_http_status_eq_200",
          "phase": "verifying",
          "order": 0,
          "enabled": true,
          "onFailure": "abort",
          "target": "$.response_status",
          "operator": "eq",
          "expected": 200,
          "message": "查询[销售员]=银小忠 应返回200",
          "soft": false
        },
        {
          "kind": "assertion",
          "name": "assert_count_shrinks",
          "phase": "verifying",
          "order": 1,
          "enabled": true,
          "onFailure": "abort",
          "target": "$.response_body.count",
          "operator": "lte",
          "expected": 540,
          "message": "①count_shrinks: 相等意味着过滤参数被后端忽略",
          "soft": false
        },
        {
          "kind": "assertion",
          "name": "assert_anchor_present",
          "phase": "verifying",
          "order": 2,
          "enabled": true,
          "onFailure": "abort",
          "target": "$.response_body.list[*].id",
          "operator": "contains",
          "expected": "333509771481055232",
          "message": "②anchor_present: 已知记录必须可查到",
          "soft": false
        },
        {
          "kind": "assertion",
          "name": "assert_field_order_opt_sales_contains_canon",
          "phase": "verifying",
          "order": 3,
          "enabled": true,
          "onFailure": "abort",
          "target": "$.response_body.list[*].order_opt_sales",
          "operator": "contains",
          "expected": "银小忠",
          "message": "③rows_match: 首页 list[*].order_opt_sales 应包含 银小忠",
          "soft": false
        }
      ]
    },
    {
      "kind": "step",
      "description": "查询[客户(委托方)]=上海新拓国际物流",
      "api": {
        "kind": "api",
        "service": "tidb-test-service",
        "method": "GET",
        "path": "/newshopadmin-tidb/OrderSettlement/ajaxGetList.html",
        "headers": {
          "Cookie": "${auth.codfish.token}",
          "Content-Type": "application/x-www-form-urlencoded"
        },
        "timeout": 30
      },
      "request": {
        "kind": "request",
        "body": {
          "page": "1",
          "size": "15",
          "wd": "",
          "search_company": "",
          "work_no": "",
          "order_customer_real": "",
          "booking_agent_bp": "",
          "booking_agent_bp_real": "",
          "order_business_no": "",
          "order_terminated_shutout_status": "1",
          "bulk_query_type": "1",
          "bulk_shutout_status": "",
          "bulk_query": "0",
          "batch_exchange_query": "",
          "ship_company": "",
          "booking_mbl_delivery_mode": "",
          "service_types": "",
          "order_remarks": "",
          "sale": "",
          "client": "上海新拓国际物流",
          "operator": "",
          "search_time[charge_pay_date]": "",
          "search_time[charge_rec_date]": ""
        }
      },
      "strategy": [
        {
          "kind": "assertion",
          "name": "assert_http_status_eq_200",
          "phase": "verifying",
          "order": 0,
          "enabled": true,
          "onFailure": "abort",
          "target": "$.response_status",
          "operator": "eq",
          "expected": 200,
          "message": "查询[客户(委托方)]=上海新拓国际物流 应返回200",
          "soft": false
        },
        {
          "kind": "assertion",
          "name": "assert_count_shrinks",
          "phase": "verifying",
          "order": 1,
          "enabled": true,
          "onFailure": "abort",
          "target": "$.response_body.count",
          "operator": "lte",
          "expected": 540,
          "message": "①count_shrinks: 相等意味着过滤参数被后端忽略",
          "soft": false
        },
        {
          "kind": "assertion",
          "name": "assert_anchor_present",
          "phase": "verifying",
          "order": 2,
          "enabled": true,
          "onFailure": "abort",
          "target": "$.response_body.list[*].id",
          "operator": "contains",
          "expected": "333509771481055232",
          "message": "②anchor_present: 已知记录必须可查到",
          "soft": false
        },
        {
          "kind": "assertion",
          "name": "assert_field_order_opt_client_contains_canon",
          "phase": "verifying",
          "order": 3,
          "enabled": true,
          "onFailure": "abort",
          "target": "$.response_body.list[*].order_opt_client",
          "operator": "contains",
          "expected": "上海新拓国际物流",
          "message": "③rows_match: 首页 list[*].order_opt_client 应包含 上海新拓国际物流",
          "soft": false
        }
      ]
    },
    {
      "kind": "step",
      "description": "查询[操作员(多选)]=张三",
      "api": {
        "kind": "api",
        "service": "tidb-test-service",
        "method": "GET",
        "path": "/newshopadmin-tidb/OrderSettlement/ajaxGetList.html",
        "headers": {
          "Cookie": "${auth.codfish.token}",
          "Content-Type": "application/x-www-form-urlencoded"
        },
        "timeout": 30
      },
      "request": {
        "kind": "request",
        "body": {
          "page": "1",
          "size": "15",
          "wd": "",
          "search_company": "",
          "work_no": "",
          "order_customer_real": "",
          "booking_agent_bp": "",
          "booking_agent_bp_real": "",
          "order_business_no": "",
          "order_terminated_shutout_status": "1",
          "bulk_query_type": "1",
          "bulk_shutout_status": "",
          "bulk_query": "0",
          "batch_exchange_query": "",
          "ship_company": "",
          "booking_mbl_delivery_mode": "",
          "service_types": "",
          "order_remarks": "",
          "sale": "",
          "client": "",
          "operator": "张三",
          "search_time[charge_pay_date]": "",
          "search_time[charge_rec_date]": ""
        }
      },
      "strategy": [
        {
          "kind": "assertion",
          "name": "assert_http_status_eq_200",
          "phase": "verifying",
          "order": 0,
          "enabled": true,
          "onFailure": "abort",
          "target": "$.response_status",
          "operator": "eq",
          "expected": 200,
          "message": "查询[操作员(多选)]=张三 应返回200",
          "soft": false
        },
        {
          "kind": "assertion",
          "name": "assert_count_shrinks",
          "phase": "verifying",
          "order": 1,
          "enabled": true,
          "onFailure": "abort",
          "target": "$.response_body.count",
          "operator": "lte",
          "expected": 540,
          "message": "①count_shrinks: 相等意味着过滤参数被后端忽略",
          "soft": false
        },
        {
          "kind": "assertion",
          "name": "assert_anchor_present",
          "phase": "verifying",
          "order": 2,
          "enabled": true,
          "onFailure": "abort",
          "target": "$.response_body.list[*].id",
          "operator": "contains",
          "expected": "333509771481055232",
          "message": "②anchor_present: 已知记录必须可查到",
          "soft": false
        },
        {
          "kind": "assertion",
          "name": "assert_field_order_opt_operation_contains_canon",
          "phase": "verifying",
          "order": 3,
          "enabled": true,
          "onFailure": "abort",
          "target": "$.response_body.list[*].order_opt_operation",
          "operator": "contains",
          "expected": "张三",
          "message": "③rows_match: 首页 list[*].order_opt_operation 应包含 张三",
          "soft": false
        }
      ]
    },
    {
      "kind": "step",
      "description": "查询[应付日期]=2026-07-07",
      "api": {
        "kind": "api",
        "service": "tidb-test-service",
        "method": "GET",
        "path": "/newshopadmin-tidb/OrderSettlement/ajaxGetList.html",
        "headers": {
          "Cookie": "${auth.codfish.token}",
          "Content-Type": "application/x-www-form-urlencoded"
        },
        "timeout": 30
      },
      "request": {
        "kind": "request",
        "body": {
          "page": "1",
          "size": "15",
          "wd": "",
          "search_company": "",
          "work_no": "",
          "order_customer_real": "",
          "booking_agent_bp": "",
          "booking_agent_bp_real": "",
          "order_business_no": "",
          "order_terminated_shutout_status": "1",
          "bulk_query_type": "1",
          "bulk_shutout_status": "",
          "bulk_query": "0",
          "batch_exchange_query": "",
          "ship_company": "",
          "booking_mbl_delivery_mode": "",
          "service_types": "",
          "order_remarks": "",
          "sale": "",
          "client": "",
          "operator": "",
          "search_time[charge_pay_date]": [
            "2026-07-07",
            "2026-07-07"
          ],
          "search_time[charge_rec_date]": ""
        }
      },
      "strategy": [
        {
          "kind": "assertion",
          "name": "assert_http_status_eq_200",
          "phase": "verifying",
          "order": 0,
          "enabled": true,
          "onFailure": "abort",
          "target": "$.response_status",
          "operator": "eq",
          "expected": 200,
          "message": "查询[应付日期]=2026-07-07 应返回200",
          "soft": false
        },
        {
          "kind": "assertion",
          "name": "assert_count_shrinks",
          "phase": "verifying",
          "order": 1,
          "enabled": true,
          "onFailure": "abort",
          "target": "$.response_body.count",
          "operator": "lt",
          "expected": 540,
          "message": "①count_shrinks: 相等意味着过滤参数被后端忽略",
          "soft": false
        },
        {
          "kind": "assertion",
          "name": "assert_anchor_present",
          "phase": "verifying",
          "order": 2,
          "enabled": true,
          "onFailure": "abort",
          "target": "$.response_body.list[*].id",
          "operator": "contains",
          "expected": "333509771481055232",
          "message": "②anchor_present: 已知记录必须可查到",
          "soft": false
        },
        {
          "kind": "assertion",
          "name": "assert_field_charge_pay_date_contains_canon",
          "phase": "verifying",
          "order": 3,
          "enabled": true,
          "onFailure": "abort",
          "target": "$.response_body.list[*].charge_pay_date",
          "operator": "contains",
          "expected": "2026-07-07",
          "message": "③rows_match: 首页 list[*].charge_pay_date 应包含 2026-07-07",
          "soft": false
        },
        {
          "kind": "assertion",
          "name": "assert_negative_count_zero",
          "phase": "verifying",
          "order": 4,
          "enabled": true,
          "onFailure": "abort",
          "target": "$.response_body.count",
          "operator": "eq",
          "expected": 0,
          "message": "④negative: 不存在的值应返回 0 条",
          "soft": false
        }
      ]
    },
    {
      "kind": "step",
      "description": "查询[应收日期]=2026-07-07",
      "api": {
        "kind": "api",
        "service": "tidb-test-service",
        "method": "GET",
        "path": "/newshopadmin-tidb/OrderSettlement/ajaxGetList.html",
        "headers": {
          "Cookie": "${auth.codfish.token}",
          "Content-Type": "application/x-www-form-urlencoded"
        },
        "timeout": 30
      },
      "request": {
        "kind": "request",
        "body": {
          "page": "1",
          "size": "15",
          "wd": "",
          "search_company": "",
          "work_no": "",
          "order_customer_real": "",
          "booking_agent_bp": "",
          "booking_agent_bp_real": "",
          "order_business_no": "",
          "order_terminated_shutout_status": "1",
          "bulk_query_type": "1",
          "bulk_shutout_status": "",
          "bulk_query": "0",
          "batch_exchange_query": "",
          "ship_company": "",
          "booking_mbl_delivery_mode": "",
          "service_types": "",
          "order_remarks": "",
          "sale": "",
          "client": "",
          "operator": "",
          "search_time[charge_pay_date]": "",
          "search_time[charge_rec_date]": [
            "2026-07-07",
            "2026-07-07"
          ]
        }
      },
      "strategy": [
        {
          "kind": "assertion",
          "name": "assert_http_status_eq_200",
          "phase": "verifying",
          "order": 0,
          "enabled": true,
          "onFailure": "abort",
          "target": "$.response_status",
          "operator": "eq",
          "expected": 200,
          "message": "查询[应收日期]=2026-07-07 应返回200",
          "soft": false
        },
        {
          "kind": "assertion",
          "name": "assert_count_shrinks",
          "phase": "verifying",
          "order": 1,
          "enabled": true,
          "onFailure": "abort",
          "target": "$.response_body.count",
          "operator": "lt",
          "expected": 540,
          "message": "①count_shrinks: 相等意味着过滤参数被后端忽略",
          "soft": false
        },
        {
          "kind": "assertion",
          "name": "assert_anchor_present",
          "phase": "verifying",
          "order": 2,
          "enabled": true,
          "onFailure": "abort",
          "target": "$.response_body.list[*].id",
          "operator": "contains",
          "expected": "333509771481055232",
          "message": "②anchor_present: 已知记录必须可查到",
          "soft": false
        },
        {
          "kind": "assertion",
          "name": "assert_field_charge_rec_date_contains_canon",
          "phase": "verifying",
          "order": 3,
          "enabled": true,
          "onFailure": "abort",
          "target": "$.response_body.list[*].charge_rec_date",
          "operator": "contains",
          "expected": "2026-07-07",
          "message": "③rows_match: 首页 list[*].charge_rec_date 应包含 2026-07-07",
          "soft": false
        },
        {
          "kind": "assertion",
          "name": "assert_negative_count_zero",
          "phase": "verifying",
          "order": 4,
          "enabled": true,
          "onFailure": "abort",
          "target": "$.response_body.count",
          "operator": "eq",
          "expected": 0,
          "message": "④negative: 不存在的值应返回 0 条",
          "soft": false
        }
      ]
    }
  ]
}
